--- 01 session_registered
{
  "event": "session_registered",
  "session": {
    "agent": "shell",
    "directory": "<tmp>/work",
    "id": "sess-1",
    "label": "one",
    "last_model_request_at": "<timestamp>",
    "last_seen": "<timestamp>",
    "profile_id": "profile-<uuid>",
    "state": "idle",
    "state_since": "<timestamp>",
    "state_updated_at": "<timestamp>",
    "workspace_id": ""
  }
}
--- 02 garden_seeds_updated
{
  "event": "garden_seeds_updated",
  "seeds": null,
  "total": 0
}
--- 03 profiles_changed
{
  "event": "profiles_changed",
  "profiles": [
    {
      "current_desktop_id": "desktop-<uuid>",
      "id": "profile-<uuid>",
      "name": "Default",
      "revision": 1
    }
  ]
}
--- 04 profile_arrangement_changed
{
  "desktops": [
    {
      "active_pane_id": "pane-<uuid>",
      "id": "desktop-<uuid>",
      "name": "",
      "order_key": "i",
      "panes": [
        {
          "desktop_id": "desktop-<uuid>",
          "kind": "agent",
          "pane_id": "pane-<uuid>",
          "session_id": "sess-1",
          "status": "ready",
          "title": "one"
        }
      ],
      "profile_id": "profile-<uuid>",
      "revision": 2,
      "shortcut_slot": 1,
      "tree_json": "{\"type\":\"pane\",\"pane_id\":\"pane-<uuid>\"}"
    }
  ],
  "event": "profile_arrangement_changed",
  "profile": {
    "current_desktop_id": "desktop-<uuid>",
    "id": "profile-<uuid>",
    "name": "Default",
    "revision": 1
  }
}
--- 05 session_todos_updated
{
  "event": "session_todos_updated",
  "session": {
    "agent": "shell",
    "directory": "<tmp>/work",
    "id": "sess-1",
    "label": "one",
    "last_model_request_at": "<timestamp>",
    "last_seen": "<timestamp>",
    "profile_id": "profile-<uuid>",
    "state": "idle",
    "state_since": "<timestamp>",
    "state_updated_at": "<timestamp>",
    "todos": [
      "write the migration"
    ],
    "workspace_id": ""
  }
}
--- 06 session_state_changed
{
  "event": "session_state_changed",
  "session": {
    "agent": "shell",
    "directory": "<tmp>/work",
    "id": "sess-1",
    "label": "renamed",
    "last_model_request_at": "<timestamp>",
    "last_seen": "<timestamp>",
    "profile_id": "profile-<uuid>",
    "state": "idle",
    "state_since": "<timestamp>",
    "state_updated_at": "<timestamp>",
    "todos": [
      "write the migration"
    ],
    "workspace_id": ""
  }
}
--- 07 session_closed
{
  "event": "session_closed",
  "reopen": {
    "actions": [
      "start_fresh_same_place"
    ],
    "checking": false,
    "directory_state": "present",
    "profile_deleted": false,
    "profile_id": "profile-<uuid>",
    "reason": "no conversation id was saved for this session, so there is nothing to resume",
    "reopenable": false
  },
  "session_ledger_entry": {
    "agent": "shell",
    "closed_at": "<timestamp>",
    "closed_by": "user",
    "directory": "<tmp>/work",
    "id": "sess-1",
    "label": "renamed",
    "last_seen": "<timestamp>",
    "state": "idle",
    "workspace_id": ""
  }
}
--- 08 profiles_changed
{
  "event": "profiles_changed",
  "profiles": [
    {
      "current_desktop_id": "desktop-<uuid>",
      "id": "profile-<uuid>",
      "name": "Default",
      "revision": 1
    }
  ]
}
--- 09 profile_arrangement_changed
{
  "desktops": [
    {
      "active_pane_id": "",
      "id": "desktop-<uuid>",
      "name": "",
      "order_key": "i",
      "panes": [],
      "profile_id": "profile-<uuid>",
      "revision": 3,
      "shortcut_slot": 1,
      "tree_json": ""
    }
  ],
  "event": "profile_arrangement_changed",
  "profile": {
    "current_desktop_id": "desktop-<uuid>",
    "id": "profile-<uuid>",
    "name": "Default",
    "revision": 1
  }
}
--- 10 session_unregistered
{
  "event": "session_unregistered",
  "session": {
    "agent": "shell",
    "directory": "<tmp>/work",
    "id": "sess-1",
    "label": "renamed",
    "last_model_request_at": "<timestamp>",
    "last_seen": "<timestamp>",
    "profile_id": "profile-<uuid>",
    "state": "idle",
    "state_since": "<timestamp>",
    "state_updated_at": "<timestamp>",
    "todos": [
      "write the migration"
    ],
    "workspace_id": ""
  }
}
--- 11 garden_seeds_updated
{
  "event": "garden_seeds_updated",
  "seeds": null,
  "total": 0
}
--- 12 sessions_updated
{
  "event": "sessions_updated"
}
